// Jest Snapshot v1, https://goo.gl/fbAQLP

exports[`TimeSeriesPanel (canvas) — line rendering defaults 1`] = `
[
  {
    "props": {
      "x0": 0,
      "x1": 0,
      "y0": 8,
      "y1": 357,
    },
    "type": "createLinearGradient",
  },
  {
    "props": {
      "x": 0.5,
      "y": 0.5,
    },
    "type": "translate",
  },
  {
    "props": {
      "value": "#808080",
    },
    "type": "strokeStyle",
  },
  {
    "props": {
      "value": {
        "addColorStop": [
          [
            0,
            "#80808073",
          ],
          [
            1,
            "#80808000",
          ],
        ],
      },
    },
    "type": "fillStyle",
  },
  {
    "props": {
      "value": 3,
    },
    "type": "lineWidth",
  },
  {
    "props": {},
    "type": "save",
  },
  {
    "props": {
      "fillRule": "nonzero",
      "path": [
        {
          "props": {
            "height": 352,
            "width": 619,
            "x": 22.5,
            "y": 6.5,
          },
          "type": "rect",
        },
      ],
    },
    "type": "clip",
  },
  {
    "props": {
      "fillRule": "nonzero",
      "path": [
        {
          "props": {
            "x": 24,
            "y": 320,
          },
          "type": "lineTo",
        },
        {
          "props": {
            "x": 178,
            "y": 137,
          },
          "type": "lineTo",
        },
        {
          "props": {
            "x": 332,
            "y": 228,
          },
          "type": "lineTo",
        },
        {
          "props": {
            "x": 486,
            "y": 45,
          },
          "type": "lineTo",
        },
        {
          "props": {
            "x": 640,
            "y": 173,
          },
          "type": "lineTo",
        },
        {
          "props": {
            "x": 640,
            "y": 504,
          },
          "type": "lineTo",
        },
        {
          "props": {
            "x": 24,
            "y": 504,
          },
          "type": "lineTo",
        },
      ],
    },
    "type": "fill",
  },
  {
    "props": {
      "path": [
        {
          "props": {
            "x": 24,
            "y": 320,
          },
          "type": "lineTo",
        },
        {
          "props": {
            "x": 178,
            "y": 137,
          },
          "type": "lineTo",
        },
        {
          "props": {
            "x": 332,
            "y": 228,
          },
          "type": "lineTo",
        },
        {
          "props": {
            "x": 486,
            "y": 45,
          },
          "type": "lineTo",
        },
        {
          "props": {
            "x": 640,
            "y": 173,
          },
          "type": "lineTo",
        },
      ],
    },
    "type": "stroke",
  },
  {
    "props": {},
    "type": "restore",
  },
  {
    "props": {
      "x": -0.5,
      "y": -0.5,
    },
    "type": "translate",
  },
  {
    "props": {
      "x": 0.9,
      "y": 0.9,
    },
    "type": "translate",
  },
  {
    "props": {
      "value": "#808080",
    },
    "type": "fillStyle",
  },
  {
    "props": {
      "value": 1.8,
    },
    "type": "lineWidth",
  },
  {
    "props": {},
    "type": "save",
  },
  {
    "props": {
      "fillRule": "nonzero",
      "path": [
        {
          "props": {
            "height": 355.4,
            "width": 622.4,
            "x": 20.8,
            "y": 4.8,
          },
          "type": "rect",
        },
      ],
    },
    "type": "clip",
  },
  {
    "props": {
      "fillRule": "nonzero",
      "path": [
        {
          "props": {
            "x": 25.6,
            "y": 320,
          },
          "type": "moveTo",
        },
        {
          "props": {
            "anticlockwise": false,
            "endAngle": 6.283185307179586,
            "radius": 1.6,
            "startAngle": 0,
            "x": 24,
            "y": 320,
          },
          "type": "arc",
        },
        {
          "props": {
            "x": 179.6,
            "y": 137,
          },
          "type": "moveTo",
        },
        {
          "props": {
            "anticlockwise": false,
            "endAngle": 6.283185307179586,
            "radius": 1.6,
            "startAngle": 0,
            "x": 178,
            "y": 137,
          },
          "type": "arc",
        },
        {
          "props": {
            "x": 333.6,
            "y": 228,
          },
          "type": "moveTo",
        },
        {
          "props": {
            "anticlockwise": false,
            "endAngle": 6.283185307179586,
            "radius": 1.6,
            "startAngle": 0,
            "x": 332,
            "y": 228,
          },
          "type": "arc",
        },
        {
          "props": {
            "x": 487.6,
            "y": 45,
          },
          "type": "moveTo",
        },
        {
          "props": {
            "anticlockwise": false,
            "endAngle": 6.283185307179586,
            "radius": 1.6,
            "startAngle": 0,
            "x": 486,
            "y": 45,
          },
          "type": "arc",
        },
        {
          "props": {
            "x": 641.6,
            "y": 173,
          },
          "type": "moveTo",
        },
        {
          "props": {
            "anticlockwise": false,
            "endAngle": 6.283185307179586,
            "radius": 1.6,
            "startAngle": 0,
            "x": 640,
            "y": 173,
          },
          "type": "arc",
        },
      ],
    },
    "type": "fill",
  },
  {
    "props": {
      "path": [
        {
          "props": {
            "x": 25.6,
            "y": 320,
          },
          "type": "moveTo",
        },
        {
          "props": {
            "anticlockwise": false,
            "endAngle": 6.283185307179586,
            "radius": 1.6,
            "startAngle": 0,
            "x": 24,
            "y": 320,
          },
          "type": "arc",
        },
        {
          "props": {
            "x": 179.6,
            "y": 137,
          },
          "type": "moveTo",
        },
        {
          "props": {
            "anticlockwise": false,
            "endAngle": 6.283185307179586,
            "radius": 1.6,
            "startAngle": 0,
            "x": 178,
            "y": 137,
          },
          "type": "arc",
        },
        {
          "props": {
            "x": 333.6,
            "y": 228,
          },
          "type": "moveTo",
        },
        {
          "props": {
            "anticlockwise": false,
            "endAngle": 6.283185307179586,
            "radius": 1.6,
            "startAngle": 0,
            "x": 332,
            "y": 228,
          },
          "type": "arc",
        },
        {
          "props": {
            "x": 487.6,
            "y": 45,
          },
          "type": "moveTo",
        },
        {
          "props": {
            "anticlockwise": false,
            "endAngle": 6.283185307179586,
            "radius": 1.6,
            "startAngle": 0,
            "x": 486,
            "y": 45,
          },
          "type": "arc",
        },
        {
          "props": {
            "x": 641.6,
            "y": 173,
          },
          "type": "moveTo",
        },
        {
          "props": {
            "anticlockwise": false,
            "endAngle": 6.283185307179586,
            "radius": 1.6,
            "startAngle": 0,
            "x": 640,
            "y": 173,
          },
          "type": "arc",
        },
      ],
    },
    "type": "stroke",
  },
  {
    "props": {},
    "type": "restore",
  },
  {
    "props": {
      "x": -0.9,
      "y": -0.9,
    },
    "type": "translate",
  },
  {
    "props": {},
    "type": "save",
  },
  {
    "props": {},
    "type": "beginPath",
  },
  {
    "props": {
      "height": 349,
      "width": 616,
      "x": 24,
      "y": 8,
    },
    "type": "rect",
  },
  {
    "props": {
      "fillRule": "nonzero",
      "path": [
        {
          "props": {},
          "type": "beginPath",
        },
        {
          "props": {
            "height": 349,
            "width": 616,
            "x": 24,
            "y": 8,
          },
          "type": "rect",
        },
      ],
    },
    "type": "clip",
  },
  {
    "props": {},
    "type": "restore",
  },
]
`;

exports[`TimeSeriesPanel (canvas) — line rendering drawStyle: bars 1`] = `
[
  {
    "props": {
      "x0": 0,
      "x1": 0,
      "y0": 8,
      "y1": 357,
    },
    "type": "createLinearGradient",
  },
  {
    "props": {
      "x": 0.5,
      "y": 0.5,
    },
    "type": "translate",
  },
  {
    "props": {
      "value": "#5794f2",
    },
    "type": "strokeStyle",
  },
  {
    "props": {
      "value": {
        "addColorStop": [
          [
            0,
            "#5794F240",
          ],
          [
            1,
            "#5794F200",
          ],
        ],
      },
    },
    "type": "fillStyle",
  },
  {
    "props": {
      "value": 3,
    },
    "type": "lineWidth",
  },
  {
    "props": {},
    "type": "save",
  },
  {
    "props": {
      "fillRule": "nonzero",
      "path": [
        {
          "props": {
            "height": 352,
            "width": 619,
            "x": 22.5,
            "y": 6.5,
          },
          "type": "rect",
        },
      ],
    },
    "type": "clip",
  },
  {
    "props": {
      "fillRule": "nonzero",
      "path": [
        {
          "props": {
            "height": 181,
            "width": 89,
            "x": -20,
            "y": 321,
          },
          "type": "rect",
        },
        {
          "props": {
            "height": 364,
            "width": 89,
            "x": 134,
            "y": 138,
          },
          "type": "rect",
        },
        {
          "props": {
            "height": 273,
            "width": 89,
            "x": 288,
            "y": 229,
          },
          "type": "rect",
        },
        {
          "props": {
            "height": 456,
            "width": 89,
            "x": 442,
            "y": 46,
          },
          "type": "rect",
        },
        {
          "props": {
            "height": 328,
            "width": 89,
            "x": 596,
            "y": 174,
          },
          "type": "rect",
        },
      ],
    },
    "type": "fill",
  },
  {
    "props": {
      "path": [
        {
          "props": {
            "height": 181,
            "width": 89,
            "x": -20,
            "y": 321,
          },
          "type": "rect",
        },
        {
          "props": {
            "height": 364,
            "width": 89,
            "x": 134,
            "y": 138,
          },
          "type": "rect",
        },
        {
          "props": {
            "height": 273,
            "width": 89,
            "x": 288,
            "y": 229,
          },
          "type": "rect",
        },
        {
          "props": {
            "height": 456,
            "width": 89,
            "x": 442,
            "y": 46,
          },
          "type": "rect",
        },
        {
          "props": {
            "height": 328,
            "width": 89,
            "x": 596,
            "y": 174,
          },
          "type": "rect",
        },
      ],
    },
    "type": "stroke",
  },
  {
    "props": {},
    "type": "restore",
  },
  {
    "props": {
      "x": -0.5,
      "y": -0.5,
    },
    "type": "translate",
  },
  {
    "props": {},
    "type": "save",
  },
  {
    "props": {},
    "type": "beginPath",
  },
  {
    "props": {
      "height": 349,
      "width": 616,
      "x": 24,
      "y": 8,
    },
    "type": "rect",
  },
  {
    "props": {
      "fillRule": "nonzero",
      "path": [
        {
          "props": {},
          "type": "beginPath",
        },
        {
          "props": {
            "height": 349,
            "width": 616,
            "x": 24,
            "y": 8,
          },
          "type": "rect",
        },
      ],
    },
    "type": "clip",
  },
  {
    "props": {},
    "type": "restore",
  },
]
`;

exports[`TimeSeriesPanel (canvas) — line rendering drawStyle: points 1`] = `
[
  {
    "props": {
      "x0": 0,
      "x1": 0,
      "y0": 8,
      "y1": 357,
    },
    "type": "createLinearGradient",
  },
  {
    "props": {
      "x": 0.9,
      "y": 0.9,
    },
    "type": "translate",
  },
  {
    "props": {
      "value": "#5794f2",
    },
    "type": "strokeStyle",
  },
  {
    "props": {
      "value": "#5794f2",
    },
    "type": "fillStyle",
  },
  {
    "props": {
      "value": 1.8,
    },
    "type": "lineWidth",
  },
  {
    "props": {},
    "type": "save",
  },
  {
    "props": {
      "fillRule": "nonzero",
      "path": [
        {
          "props": {
            "height": 355.4,
            "width": 622.4,
            "x": 20.8,
            "y": 4.8,
          },
          "type": "rect",
        },
      ],
    },
    "type": "clip",
  },
  {
    "props": {
      "fillRule": "nonzero",
      "path": [
        {
          "props": {
            "x": 25.6,
            "y": 320,
          },
          "type": "moveTo",
        },
        {
          "props": {
            "anticlockwise": false,
            "endAngle": 6.283185307179586,
            "radius": 1.6,
            "startAngle": 0,
            "x": 24,
            "y": 320,
          },
          "type": "arc",
        },
        {
          "props": {
            "x": 179.6,
            "y": 137,
          },
          "type": "moveTo",
        },
        {
          "props": {
            "anticlockwise": false,
            "endAngle": 6.283185307179586,
            "radius": 1.6,
            "startAngle": 0,
            "x": 178,
            "y": 137,
          },
          "type": "arc",
        },
        {
          "props": {
            "x": 333.6,
            "y": 228,
          },
          "type": "moveTo",
        },
        {
          "props": {
            "anticlockwise": false,
            "endAngle": 6.283185307179586,
            "radius": 1.6,
            "startAngle": 0,
            "x": 332,
            "y": 228,
          },
          "type": "arc",
        },
        {
          "props": {
            "x": 487.6,
            "y": 45,
          },
          "type": "moveTo",
        },
        {
          "props": {
            "anticlockwise": false,
            "endAngle": 6.283185307179586,
            "radius": 1.6,
            "startAngle": 0,
            "x": 486,
            "y": 45,
          },
          "type": "arc",
        },
        {
          "props": {
            "x": 641.6,
            "y": 173,
          },
          "type": "moveTo",
        },
        {
          "props": {
            "anticlockwise": false,
            "endAngle": 6.283185307179586,
            "radius": 1.6,
            "startAngle": 0,
            "x": 640,
            "y": 173,
          },
          "type": "arc",
        },
      ],
    },
    "type": "fill",
  },
  {
    "props": {
      "path": [
        {
          "props": {
            "x": 25.6,
            "y": 320,
          },
          "type": "moveTo",
        },
        {
          "props": {
            "anticlockwise": false,
            "endAngle": 6.283185307179586,
            "radius": 1.6,
            "startAngle": 0,
            "x": 24,
            "y": 320,
          },
          "type": "arc",
        },
        {
          "props": {
            "x": 179.6,
            "y": 137,
          },
          "type": "moveTo",
        },
        {
          "props": {
            "anticlockwise": false,
            "endAngle": 6.283185307179586,
            "radius": 1.6,
            "startAngle": 0,
            "x": 178,
            "y": 137,
          },
          "type": "arc",
        },
        {
          "props": {
            "x": 333.6,
            "y": 228,
          },
          "type": "moveTo",
        },
        {
          "props": {
            "anticlockwise": false,
            "endAngle": 6.283185307179586,
            "radius": 1.6,
            "startAngle": 0,
            "x": 332,
            "y": 228,
          },
          "type": "arc",
        },
        {
          "props": {
            "x": 487.6,
            "y": 45,
          },
          "type": "moveTo",
        },
        {
          "props": {
            "anticlockwise": false,
            "endAngle": 6.283185307179586,
            "radius": 1.6,
            "startAngle": 0,
            "x": 486,
            "y": 45,
          },
          "type": "arc",
        },
        {
          "props": {
            "x": 641.6,
            "y": 173,
          },
          "type": "moveTo",
        },
        {
          "props": {
            "anticlockwise": false,
            "endAngle": 6.283185307179586,
            "radius": 1.6,
            "startAngle": 0,
            "x": 640,
            "y": 173,
          },
          "type": "arc",
        },
      ],
    },
    "type": "stroke",
  },
  {
    "props": {},
    "type": "restore",
  },
  {
    "props": {
      "x": -0.9,
      "y": -0.9,
    },
    "type": "translate",
  },
  {
    "props": {},
    "type": "save",
  },
  {
    "props": {},
    "type": "beginPath",
  },
  {
    "props": {
      "height": 349,
      "width": 616,
      "x": 24,
      "y": 8,
    },
    "type": "rect",
  },
  {
    "props": {
      "fillRule": "nonzero",
      "path": [
        {
          "props": {},
          "type": "beginPath",
        },
        {
          "props": {
            "height": 349,
            "width": 616,
            "x": 24,
            "y": 8,
          },
          "type": "rect",
        },
      ],
    },
    "type": "clip",
  },
  {
    "props": {},
    "type": "restore",
  },
]
`;

exports[`TimeSeriesPanel (canvas) — line rendering lineInterpolation: smooth 1`] = `
[
  {
    "props": {
      "x0": 0,
      "x1": 0,
      "y0": 8,
      "y1": 357,
    },
    "type": "createLinearGradient",
  },
  {
    "props": {
      "x": 0.5,
      "y": 0.5,
    },
    "type": "translate",
  },
  {
    "props": {
      "value": "#808080",
    },
    "type": "strokeStyle",
  },
  {
    "props": {
      "value": {
        "addColorStop": [
          [
            0,
            "#80808073",
          ],
          [
            1,
            "#80808000",
          ],
        ],
      },
    },
    "type": "fillStyle",
  },
  {
    "props": {
      "value": 3,
    },
    "type": "lineWidth",
  },
  {
    "props": {},
    "type": "save",
  },
  {
    "props": {
      "fillRule": "nonzero",
      "path": [
        {
          "props": {
            "height": 352,
            "width": 619,
            "x": 22.5,
            "y": 6.5,
          },
          "type": "rect",
        },
      ],
    },
    "type": "clip",
  },
  {
    "props": {
      "fillRule": "nonzero",
      "path": [
        {
          "props": {
            "x": 24,
            "y": 320,
          },
          "type": "moveTo",
        },
        {
          "props": {
            "cpx1": 75.33333333333334,
            "cpx2": 126.66666666666666,
            "cpy1": 259,
            "cpy2": 137,
            "x": 178,
            "y": 137,
          },
          "type": "bezierCurveTo",
        },
        {
          "props": {
            "cpx1": 229.33333333333334,
            "cpx2": 280.6666666666667,
            "cpy1": 137,
            "cpy2": 228,
            "x": 332,
            "y": 228,
          },
          "type": "bezierCurveTo",
        },
        {
          "props": {
            "cpx1": 383.3333333333333,
            "cpx2": 434.6666666666667,
            "cpy1": 228,
            "cpy2": 45,
            "x": 486,
            "y": 45,
          },
          "type": "bezierCurveTo",
        },
        {
          "props": {
            "cpx1": 537.3333333333334,
            "cpx2": 588.6666666666666,
            "cpy1": 45,
            "cpy2": 130.33333333333334,
            "x": 640,
            "y": 173,
          },
          "type": "bezierCurveTo",
        },
        {
          "props": {
            "x": 640,
            "y": 504,
          },
          "type": "lineTo",
        },
        {
          "props": {
            "x": 24,
            "y": 504,
          },
          "type": "lineTo",
        },
      ],
    },
    "type": "fill",
  },
  {
    "props": {
      "path": [
        {
          "props": {
            "x": 24,
            "y": 320,
          },
          "type": "moveTo",
        },
        {
          "props": {
            "cpx1": 75.33333333333334,
            "cpx2": 126.66666666666666,
            "cpy1": 259,
            "cpy2": 137,
            "x": 178,
            "y": 137,
          },
          "type": "bezierCurveTo",
        },
        {
          "props": {
            "cpx1": 229.33333333333334,
            "cpx2": 280.6666666666667,
            "cpy1": 137,
            "cpy2": 228,
            "x": 332,
            "y": 228,
          },
          "type": "bezierCurveTo",
        },
        {
          "props": {
            "cpx1": 383.3333333333333,
            "cpx2": 434.6666666666667,
            "cpy1": 228,
            "cpy2": 45,
            "x": 486,
            "y": 45,
          },
          "type": "bezierCurveTo",
        },
        {
          "props": {
            "cpx1": 537.3333333333334,
            "cpx2": 588.6666666666666,
            "cpy1": 45,
            "cpy2": 130.33333333333334,
            "x": 640,
            "y": 173,
          },
          "type": "bezierCurveTo",
        },
      ],
    },
    "type": "stroke",
  },
  {
    "props": {},
    "type": "restore",
  },
  {
    "props": {
      "x": -0.5,
      "y": -0.5,
    },
    "type": "translate",
  },
  {
    "props": {
      "x": 0.9,
      "y": 0.9,
    },
    "type": "translate",
  },
  {
    "props": {
      "value": "#808080",
    },
    "type": "fillStyle",
  },
  {
    "props": {
      "value": 1.8,
    },
    "type": "lineWidth",
  },
  {
    "props": {},
    "type": "save",
  },
  {
    "props": {
      "fillRule": "nonzero",
      "path": [
        {
          "props": {
            "height": 355.4,
            "width": 622.4,
            "x": 20.8,
            "y": 4.8,
          },
          "type": "rect",
        },
      ],
    },
    "type": "clip",
  },
  {
    "props": {
      "fillRule": "nonzero",
      "path": [
        {
          "props": {
            "x": 25.6,
            "y": 320,
          },
          "type": "moveTo",
        },
        {
          "props": {
            "anticlockwise": false,
            "endAngle": 6.283185307179586,
            "radius": 1.6,
            "startAngle": 0,
            "x": 24,
            "y": 320,
          },
          "type": "arc",
        },
        {
          "props": {
            "x": 179.6,
            "y": 137,
          },
          "type": "moveTo",
        },
        {
          "props": {
            "anticlockwise": false,
            "endAngle": 6.283185307179586,
            "radius": 1.6,
            "startAngle": 0,
            "x": 178,
            "y": 137,
          },
          "type": "arc",
        },
        {
          "props": {
            "x": 333.6,
            "y": 228,
          },
          "type": "moveTo",
        },
        {
          "props": {
            "anticlockwise": false,
            "endAngle": 6.283185307179586,
            "radius": 1.6,
            "startAngle": 0,
            "x": 332,
            "y": 228,
          },
          "type": "arc",
        },
        {
          "props": {
            "x": 487.6,
            "y": 45,
          },
          "type": "moveTo",
        },
        {
          "props": {
            "anticlockwise": false,
            "endAngle": 6.283185307179586,
            "radius": 1.6,
            "startAngle": 0,
            "x": 486,
            "y": 45,
          },
          "type": "arc",
        },
        {
          "props": {
            "x": 641.6,
            "y": 173,
          },
          "type": "moveTo",
        },
        {
          "props": {
            "anticlockwise": false,
            "endAngle": 6.283185307179586,
            "radius": 1.6,
            "startAngle": 0,
            "x": 640,
            "y": 173,
          },
          "type": "arc",
        },
      ],
    },
    "type": "fill",
  },
  {
    "props": {
      "path": [
        {
          "props": {
            "x": 25.6,
            "y": 320,
          },
          "type": "moveTo",
        },
        {
          "props": {
            "anticlockwise": false,
            "endAngle": 6.283185307179586,
            "radius": 1.6,
            "startAngle": 0,
            "x": 24,
            "y": 320,
          },
          "type": "arc",
        },
        {
          "props": {
            "x": 179.6,
            "y": 137,
          },
          "type": "moveTo",
        },
        {
          "props": {
            "anticlockwise": false,
            "endAngle": 6.283185307179586,
            "radius": 1.6,
            "startAngle": 0,
            "x": 178,
            "y": 137,
          },
          "type": "arc",
        },
        {
          "props": {
            "x": 333.6,
            "y": 228,
          },
          "type": "moveTo",
        },
        {
          "props": {
            "anticlockwise": false,
            "endAngle": 6.283185307179586,
            "radius": 1.6,
            "startAngle": 0,
            "x": 332,
            "y": 228,
          },
          "type": "arc",
        },
        {
          "props": {
            "x": 487.6,
            "y": 45,
          },
          "type": "moveTo",
        },
        {
          "props": {
            "anticlockwise": false,
            "endAngle": 6.283185307179586,
            "radius": 1.6,
            "startAngle": 0,
            "x": 486,
            "y": 45,
          },
          "type": "arc",
        },
        {
          "props": {
            "x": 641.6,
            "y": 173,
          },
          "type": "moveTo",
        },
        {
          "props": {
            "anticlockwise": false,
            "endAngle": 6.283185307179586,
            "radius": 1.6,
            "startAngle": 0,
            "x": 640,
            "y": 173,
          },
          "type": "arc",
        },
      ],
    },
    "type": "stroke",
  },
  {
    "props": {},
    "type": "restore",
  },
  {
    "props": {
      "x": -0.9,
      "y": -0.9,
    },
    "type": "translate",
  },
  {
    "props": {},
    "type": "save",
  },
  {
    "props": {},
    "type": "beginPath",
  },
  {
    "props": {
      "height": 349,
      "width": 616,
      "x": 24,
      "y": 8,
    },
    "type": "rect",
  },
  {
    "props": {
      "fillRule": "nonzero",
      "path": [
        {
          "props": {},
          "type": "beginPath",
        },
        {
          "props": {
            "height": 349,
            "width": 616,
            "x": 24,
            "y": 8,
          },
          "type": "rect",
        },
      ],
    },
    "type": "clip",
  },
  {
    "props": {},
    "type": "restore",
  },
]
`;

exports[`TimeSeriesPanel (canvas) — line rendering lineInterpolation: stepAfter 1`] = `
[
  {
    "props": {
      "x0": 0,
      "x1": 0,
      "y0": 8,
      "y1": 357,
    },
    "type": "createLinearGradient",
  },
  {
    "props": {
      "x": 0.5,
      "y": 0.5,
    },
    "type": "translate",
  },
  {
    "props": {
      "value": "#808080",
    },
    "type": "strokeStyle",
  },
  {
    "props": {
      "value": {
        "addColorStop": [
          [
            0,
            "#80808073",
          ],
          [
            1,
            "#80808000",
          ],
        ],
      },
    },
    "type": "fillStyle",
  },
  {
    "props": {
      "value": 3,
    },
    "type": "lineWidth",
  },
  {
    "props": {},
    "type": "save",
  },
  {
    "props": {
      "fillRule": "nonzero",
      "path": [
        {
          "props": {
            "height": 352,
            "width": 619,
            "x": 22.5,
            "y": 6.5,
          },
          "type": "rect",
        },
      ],
    },
    "type": "clip",
  },
  {
    "props": {
      "fillRule": "nonzero",
      "path": [
        {
          "props": {
            "x": 24,
            "y": 320,
          },
          "type": "lineTo",
        },
        {
          "props": {
            "x": 24,
            "y": 320,
          },
          "type": "lineTo",
        },
        {
          "props": {
            "x": 24,
            "y": 320,
          },
          "type": "lineTo",
        },
        {
          "props": {
            "x": 178,
            "y": 320,
          },
          "type": "lineTo",
        },
        {
          "props": {
            "x": 178,
            "y": 137,
          },
          "type": "lineTo",
        },
        {
          "props": {
            "x": 332,
            "y": 137,
          },
          "type": "lineTo",
        },
        {
          "props": {
            "x": 332,
            "y": 228,
          },
          "type": "lineTo",
        },
        {
          "props": {
            "x": 486,
            "y": 228,
          },
          "type": "lineTo",
        },
        {
          "props": {
            "x": 486,
            "y": 45,
          },
          "type": "lineTo",
        },
        {
          "props": {
            "x": 640,
            "y": 45,
          },
          "type": "lineTo",
        },
        {
          "props": {
            "x": 640,
            "y": 173,
          },
          "type": "lineTo",
        },
        {
          "props": {
            "x": 640,
            "y": 504,
          },
          "type": "lineTo",
        },
        {
          "props": {
            "x": 24,
            "y": 504,
          },
          "type": "lineTo",
        },
      ],
    },
    "type": "fill",
  },
  {
    "props": {
      "path": [
        {
          "props": {
            "x": 24,
            "y": 320,
          },
          "type": "lineTo",
        },
        {
          "props": {
            "x": 24,
            "y": 320,
          },
          "type": "lineTo",
        },
        {
          "props": {
            "x": 24,
            "y": 320,
          },
          "type": "lineTo",
        },
        {
          "props": {
            "x": 178,
            "y": 320,
          },
          "type": "lineTo",
        },
        {
          "props": {
            "x": 178,
            "y": 137,
          },
          "type": "lineTo",
        },
        {
          "props": {
            "x": 332,
            "y": 137,
          },
          "type": "lineTo",
        },
        {
          "props": {
            "x": 332,
            "y": 228,
          },
          "type": "lineTo",
        },
        {
          "props": {
            "x": 486,
            "y": 228,
          },
          "type": "lineTo",
        },
        {
          "props": {
            "x": 486,
            "y": 45,
          },
          "type": "lineTo",
        },
        {
          "props": {
            "x": 640,
            "y": 45,
          },
          "type": "lineTo",
        },
        {
          "props": {
            "x": 640,
            "y": 173,
          },
          "type": "lineTo",
        },
      ],
    },
    "type": "stroke",
  },
  {
    "props": {},
    "type": "restore",
  },
  {
    "props": {
      "x": -0.5,
      "y": -0.5,
    },
    "type": "translate",
  },
  {
    "props": {
      "x": 0.9,
      "y": 0.9,
    },
    "type": "translate",
  },
  {
    "props": {
      "value": "#808080",
    },
    "type": "fillStyle",
  },
  {
    "props": {
      "value": 1.8,
    },
    "type": "lineWidth",
  },
  {
    "props": {},
    "type": "save",
  },
  {
    "props": {
      "fillRule": "nonzero",
      "path": [
        {
          "props": {
            "height": 355.4,
            "width": 622.4,
            "x": 20.8,
            "y": 4.8,
          },
          "type": "rect",
        },
      ],
    },
    "type": "clip",
  },
  {
    "props": {
      "fillRule": "nonzero",
      "path": [
        {
          "props": {
            "x": 25.6,
            "y": 320,
          },
          "type": "moveTo",
        },
        {
          "props": {
            "anticlockwise": false,
            "endAngle": 6.283185307179586,
            "radius": 1.6,
            "startAngle": 0,
            "x": 24,
            "y": 320,
          },
          "type": "arc",
        },
        {
          "props": {
            "x": 179.6,
            "y": 137,
          },
          "type": "moveTo",
        },
        {
          "props": {
            "anticlockwise": false,
            "endAngle": 6.283185307179586,
            "radius": 1.6,
            "startAngle": 0,
            "x": 178,
            "y": 137,
          },
          "type": "arc",
        },
        {
          "props": {
            "x": 333.6,
            "y": 228,
          },
          "type": "moveTo",
        },
        {
          "props": {
            "anticlockwise": false,
            "endAngle": 6.283185307179586,
            "radius": 1.6,
            "startAngle": 0,
            "x": 332,
            "y": 228,
          },
          "type": "arc",
        },
        {
          "props": {
            "x": 487.6,
            "y": 45,
          },
          "type": "moveTo",
        },
        {
          "props": {
            "anticlockwise": false,
            "endAngle": 6.283185307179586,
            "radius": 1.6,
            "startAngle": 0,
            "x": 486,
            "y": 45,
          },
          "type": "arc",
        },
        {
          "props": {
            "x": 641.6,
            "y": 173,
          },
          "type": "moveTo",
        },
        {
          "props": {
            "anticlockwise": false,
            "endAngle": 6.283185307179586,
            "radius": 1.6,
            "startAngle": 0,
            "x": 640,
            "y": 173,
          },
          "type": "arc",
        },
      ],
    },
    "type": "fill",
  },
  {
    "props": {
      "path": [
        {
          "props": {
            "x": 25.6,
            "y": 320,
          },
          "type": "moveTo",
        },
        {
          "props": {
            "anticlockwise": false,
            "endAngle": 6.283185307179586,
            "radius": 1.6,
            "startAngle": 0,
            "x": 24,
            "y": 320,
          },
          "type": "arc",
        },
        {
          "props": {
            "x": 179.6,
            "y": 137,
          },
          "type": "moveTo",
        },
        {
          "props": {
            "anticlockwise": false,
            "endAngle": 6.283185307179586,
            "radius": 1.6,
            "startAngle": 0,
            "x": 178,
            "y": 137,
          },
          "type": "arc",
        },
        {
          "props": {
            "x": 333.6,
            "y": 228,
          },
          "type": "moveTo",
        },
        {
          "props": {
            "anticlockwise": false,
            "endAngle": 6.283185307179586,
            "radius": 1.6,
            "startAngle": 0,
            "x": 332,
            "y": 228,
          },
          "type": "arc",
        },
        {
          "props": {
            "x": 487.6,
            "y": 45,
          },
          "type": "moveTo",
        },
        {
          "props": {
            "anticlockwise": false,
            "endAngle": 6.283185307179586,
            "radius": 1.6,
            "startAngle": 0,
            "x": 486,
            "y": 45,
          },
          "type": "arc",
        },
        {
          "props": {
            "x": 641.6,
            "y": 173,
          },
          "type": "moveTo",
        },
        {
          "props": {
            "anticlockwise": false,
            "endAngle": 6.283185307179586,
            "radius": 1.6,
            "startAngle": 0,
            "x": 640,
            "y": 173,
          },
          "type": "arc",
        },
      ],
    },
    "type": "stroke",
  },
  {
    "props": {},
    "type": "restore",
  },
  {
    "props": {
      "x": -0.9,
      "y": -0.9,
    },
    "type": "translate",
  },
  {
    "props": {},
    "type": "save",
  },
  {
    "props": {},
    "type": "beginPath",
  },
  {
    "props": {
      "height": 349,
      "width": 616,
      "x": 24,
      "y": 8,
    },
    "type": "rect",
  },
  {
    "props": {
      "fillRule": "nonzero",
      "path": [
        {
          "props": {},
          "type": "beginPath",
        },
        {
          "props": {
            "height": 349,
            "width": 616,
            "x": 24,
            "y": 8,
          },
          "type": "rect",
        },
      ],
    },
    "type": "clip",
  },
  {
    "props": {},
    "type": "restore",
  },
]
`;

exports[`TimeSeriesPanel (canvas) — line rendering lineInterpolation: stepBefore 1`] = `
[
  {
    "props": {
      "x0": 0,
      "x1": 0,
      "y0": 8,
      "y1": 357,
    },
    "type": "createLinearGradient",
  },
  {
    "props": {
      "x": 0.5,
      "y": 0.5,
    },
    "type": "translate",
  },
  {
    "props": {
      "value": "#808080",
    },
    "type": "strokeStyle",
  },
  {
    "props": {
      "value": {
        "addColorStop": [
          [
            0,
            "#80808073",
          ],
          [
            1,
            "#80808000",
          ],
        ],
      },
    },
    "type": "fillStyle",
  },
  {
    "props": {
      "value": 3,
    },
    "type": "lineWidth",
  },
  {
    "props": {},
    "type": "save",
  },
  {
    "props": {
      "fillRule": "nonzero",
      "path": [
        {
          "props": {
            "height": 352,
            "width": 619,
            "x": 22.5,
            "y": 6.5,
          },
          "type": "rect",
        },
      ],
    },
    "type": "clip",
  },
  {
    "props": {
      "fillRule": "nonzero",
      "path": [
        {
          "props": {
            "x": 24,
            "y": 320,
          },
          "type": "lineTo",
        },
        {
          "props": {
            "x": 24,
            "y": 320,
          },
          "type": "lineTo",
        },
        {
          "props": {
            "x": 24,
            "y": 320,
          },
          "type": "lineTo",
        },
        {
          "props": {
            "x": 24,
            "y": 137,
          },
          "type": "lineTo",
        },
        {
          "props": {
            "x": 178,
            "y": 137,
          },
          "type": "lineTo",
        },
        {
          "props": {
            "x": 178,
            "y": 228,
          },
          "type": "lineTo",
        },
        {
          "props": {
            "x": 332,
            "y": 228,
          },
          "type": "lineTo",
        },
        {
          "props": {
            "x": 332,
            "y": 45,
          },
          "type": "lineTo",
        },
        {
          "props": {
            "x": 486,
            "y": 45,
          },
          "type": "lineTo",
        },
        {
          "props": {
            "x": 486,
            "y": 173,
          },
          "type": "lineTo",
        },
        {
          "props": {
            "x": 640,
            "y": 173,
          },
          "type": "lineTo",
        },
        {
          "props": {
            "x": 640,
            "y": 504,
          },
          "type": "lineTo",
        },
        {
          "props": {
            "x": 24,
            "y": 504,
          },
          "type": "lineTo",
        },
      ],
    },
    "type": "fill",
  },
  {
    "props": {
      "path": [
        {
          "props": {
            "x": 24,
            "y": 320,
          },
          "type": "lineTo",
        },
        {
          "props": {
            "x": 24,
            "y": 320,
          },
          "type": "lineTo",
        },
        {
          "props": {
            "x": 24,
            "y": 320,
          },
          "type": "lineTo",
        },
        {
          "props": {
            "x": 24,
            "y": 137,
          },
          "type": "lineTo",
        },
        {
          "props": {
            "x": 178,
            "y": 137,
          },
          "type": "lineTo",
        },
        {
          "props": {
            "x": 178,
            "y": 228,
          },
          "type": "lineTo",
        },
        {
          "props": {
            "x": 332,
            "y": 228,
          },
          "type": "lineTo",
        },
        {
          "props": {
            "x": 332,
            "y": 45,
          },
          "type": "lineTo",
        },
        {
          "props": {
            "x": 486,
            "y": 45,
          },
          "type": "lineTo",
        },
        {
          "props": {
            "x": 486,
            "y": 173,
          },
          "type": "lineTo",
        },
        {
          "props": {
            "x": 640,
            "y": 173,
          },
          "type": "lineTo",
        },
      ],
    },
    "type": "stroke",
  },
  {
    "props": {},
    "type": "restore",
  },
  {
    "props": {
      "x": -0.5,
      "y": -0.5,
    },
    "type": "translate",
  },
  {
    "props": {
      "x": 0.9,
      "y": 0.9,
    },
    "type": "translate",
  },
  {
    "props": {
      "value": "#808080",
    },
    "type": "fillStyle",
  },
  {
    "props": {
      "value": 1.8,
    },
    "type": "lineWidth",
  },
  {
    "props": {},
    "type": "save",
  },
  {
    "props": {
      "fillRule": "nonzero",
      "path": [
        {
          "props": {
            "height": 355.4,
            "width": 622.4,
            "x": 20.8,
            "y": 4.8,
          },
          "type": "rect",
        },
      ],
    },
    "type": "clip",
  },
  {
    "props": {
      "fillRule": "nonzero",
      "path": [
        {
          "props": {
            "x": 25.6,
            "y": 320,
          },
          "type": "moveTo",
        },
        {
          "props": {
            "anticlockwise": false,
            "endAngle": 6.283185307179586,
            "radius": 1.6,
            "startAngle": 0,
            "x": 24,
            "y": 320,
          },
          "type": "arc",
        },
        {
          "props": {
            "x": 179.6,
            "y": 137,
          },
          "type": "moveTo",
        },
        {
          "props": {
            "anticlockwise": false,
            "endAngle": 6.283185307179586,
            "radius": 1.6,
            "startAngle": 0,
            "x": 178,
            "y": 137,
          },
          "type": "arc",
        },
        {
          "props": {
            "x": 333.6,
            "y": 228,
          },
          "type": "moveTo",
        },
        {
          "props": {
            "anticlockwise": false,
            "endAngle": 6.283185307179586,
            "radius": 1.6,
            "startAngle": 0,
            "x": 332,
            "y": 228,
          },
          "type": "arc",
        },
        {
          "props": {
            "x": 487.6,
            "y": 45,
          },
          "type": "moveTo",
        },
        {
          "props": {
            "anticlockwise": false,
            "endAngle": 6.283185307179586,
            "radius": 1.6,
            "startAngle": 0,
            "x": 486,
            "y": 45,
          },
          "type": "arc",
        },
        {
          "props": {
            "x": 641.6,
            "y": 173,
          },
          "type": "moveTo",
        },
        {
          "props": {
            "anticlockwise": false,
            "endAngle": 6.283185307179586,
            "radius": 1.6,
            "startAngle": 0,
            "x": 640,
            "y": 173,
          },
          "type": "arc",
        },
      ],
    },
    "type": "fill",
  },
  {
    "props": {
      "path": [
        {
          "props": {
            "x": 25.6,
            "y": 320,
          },
          "type": "moveTo",
        },
        {
          "props": {
            "anticlockwise": false,
            "endAngle": 6.283185307179586,
            "radius": 1.6,
            "startAngle": 0,
            "x": 24,
            "y": 320,
          },
          "type": "arc",
        },
        {
          "props": {
            "x": 179.6,
            "y": 137,
          },
          "type": "moveTo",
        },
        {
          "props": {
            "anticlockwise": false,
            "endAngle": 6.283185307179586,
            "radius": 1.6,
            "startAngle": 0,
            "x": 178,
            "y": 137,
          },
          "type": "arc",
        },
        {
          "props": {
            "x": 333.6,
            "y": 228,
          },
          "type": "moveTo",
        },
        {
          "props": {
            "anticlockwise": false,
            "endAngle": 6.283185307179586,
            "radius": 1.6,
            "startAngle": 0,
            "x": 332,
            "y": 228,
          },
          "type": "arc",
        },
        {
          "props": {
            "x": 487.6,
            "y": 45,
          },
          "type": "moveTo",
        },
        {
          "props": {
            "anticlockwise": false,
            "endAngle": 6.283185307179586,
            "radius": 1.6,
            "startAngle": 0,
            "x": 486,
            "y": 45,
          },
          "type": "arc",
        },
        {
          "props": {
            "x": 641.6,
            "y": 173,
          },
          "type": "moveTo",
        },
        {
          "props": {
            "anticlockwise": false,
            "endAngle": 6.283185307179586,
            "radius": 1.6,
            "startAngle": 0,
            "x": 640,
            "y": 173,
          },
          "type": "arc",
        },
      ],
    },
    "type": "stroke",
  },
  {
    "props": {},
    "type": "restore",
  },
  {
    "props": {
      "x": -0.9,
      "y": -0.9,
    },
    "type": "translate",
  },
  {
    "props": {},
    "type": "save",
  },
  {
    "props": {},
    "type": "beginPath",
  },
  {
    "props": {
      "height": 349,
      "width": 616,
      "x": 24,
      "y": 8,
    },
    "type": "rect",
  },
  {
    "props": {
      "fillRule": "nonzero",
      "path": [
        {
          "props": {},
          "type": "beginPath",
        },
        {
          "props": {
            "height": 349,
            "width": 616,
            "x": 24,
            "y": 8,
          },
          "type": "rect",
        },
      ],
    },
    "type": "clip",
  },
  {
    "props": {},
    "type": "restore",
  },
]
`;

exports[`TimeSeriesPanel (canvas) — line rendering lineWidth: 3 1`] = `
[
  {
    "props": {
      "x0": 0,
      "x1": 0,
      "y0": 8,
      "y1": 357,
    },
    "type": "createLinearGradient",
  },
  {
    "props": {
      "x": 0.5,
      "y": 0.5,
    },
    "type": "translate",
  },
  {
    "props": {
      "value": "#5794f2",
    },
    "type": "strokeStyle",
  },
  {
    "props": {
      "value": {
        "addColorStop": [
          [
            0,
            "#5794F273",
          ],
          [
            1,
            "#5794F200",
          ],
        ],
      },
    },
    "type": "fillStyle",
  },
  {
    "props": {
      "value": 3,
    },
    "type": "lineWidth",
  },
  {
    "props": {},
    "type": "save",
  },
  {
    "props": {
      "fillRule": "nonzero",
      "path": [
        {
          "props": {
            "height": 352,
            "width": 619,
            "x": 22.5,
            "y": 6.5,
          },
          "type": "rect",
        },
      ],
    },
    "type": "clip",
  },
  {
    "props": {
      "fillRule": "nonzero",
      "path": [
        {
          "props": {
            "x": 24,
            "y": 320,
          },
          "type": "lineTo",
        },
        {
          "props": {
            "x": 178,
            "y": 137,
          },
          "type": "lineTo",
        },
        {
          "props": {
            "x": 332,
            "y": 228,
          },
          "type": "lineTo",
        },
        {
          "props": {
            "x": 486,
            "y": 45,
          },
          "type": "lineTo",
        },
        {
          "props": {
            "x": 640,
            "y": 173,
          },
          "type": "lineTo",
        },
        {
          "props": {
            "x": 640,
            "y": 504,
          },
          "type": "lineTo",
        },
        {
          "props": {
            "x": 24,
            "y": 504,
          },
          "type": "lineTo",
        },
      ],
    },
    "type": "fill",
  },
  {
    "props": {
      "path": [
        {
          "props": {
            "x": 24,
            "y": 320,
          },
          "type": "lineTo",
        },
        {
          "props": {
            "x": 178,
            "y": 137,
          },
          "type": "lineTo",
        },
        {
          "props": {
            "x": 332,
            "y": 228,
          },
          "type": "lineTo",
        },
        {
          "props": {
            "x": 486,
            "y": 45,
          },
          "type": "lineTo",
        },
        {
          "props": {
            "x": 640,
            "y": 173,
          },
          "type": "lineTo",
        },
      ],
    },
    "type": "stroke",
  },
  {
    "props": {},
    "type": "restore",
  },
  {
    "props": {
      "x": -0.5,
      "y": -0.5,
    },
    "type": "translate",
  },
  {
    "props": {
      "x": 0.9,
      "y": 0.9,
    },
    "type": "translate",
  },
  {
    "props": {
      "value": "#5794f2",
    },
    "type": "fillStyle",
  },
  {
    "props": {
      "value": 1.8,
    },
    "type": "lineWidth",
  },
  {
    "props": {},
    "type": "save",
  },
  {
    "props": {
      "fillRule": "nonzero",
      "path": [
        {
          "props": {
            "height": 355.4,
            "width": 622.4,
            "x": 20.8,
            "y": 4.8,
          },
          "type": "rect",
        },
      ],
    },
    "type": "clip",
  },
  {
    "props": {
      "fillRule": "nonzero",
      "path": [
        {
          "props": {
            "x": 25.6,
            "y": 320,
          },
          "type": "moveTo",
        },
        {
          "props": {
            "anticlockwise": false,
            "endAngle": 6.283185307179586,
            "radius": 1.6,
            "startAngle": 0,
            "x": 24,
            "y": 320,
          },
          "type": "arc",
        },
        {
          "props": {
            "x": 179.6,
            "y": 137,
          },
          "type": "moveTo",
        },
        {
          "props": {
            "anticlockwise": false,
            "endAngle": 6.283185307179586,
            "radius": 1.6,
            "startAngle": 0,
            "x": 178,
            "y": 137,
          },
          "type": "arc",
        },
        {
          "props": {
            "x": 333.6,
            "y": 228,
          },
          "type": "moveTo",
        },
        {
          "props": {
            "anticlockwise": false,
            "endAngle": 6.283185307179586,
            "radius": 1.6,
            "startAngle": 0,
            "x": 332,
            "y": 228,
          },
          "type": "arc",
        },
        {
          "props": {
            "x": 487.6,
            "y": 45,
          },
          "type": "moveTo",
        },
        {
          "props": {
            "anticlockwise": false,
            "endAngle": 6.283185307179586,
            "radius": 1.6,
            "startAngle": 0,
            "x": 486,
            "y": 45,
          },
          "type": "arc",
        },
        {
          "props": {
            "x": 641.6,
            "y": 173,
          },
          "type": "moveTo",
        },
        {
          "props": {
            "anticlockwise": false,
            "endAngle": 6.283185307179586,
            "radius": 1.6,
            "startAngle": 0,
            "x": 640,
            "y": 173,
          },
          "type": "arc",
        },
      ],
    },
    "type": "fill",
  },
  {
    "props": {
      "path": [
        {
          "props": {
            "x": 25.6,
            "y": 320,
          },
          "type": "moveTo",
        },
        {
          "props": {
            "anticlockwise": false,
            "endAngle": 6.283185307179586,
            "radius": 1.6,
            "startAngle": 0,
            "x": 24,
            "y": 320,
          },
          "type": "arc",
        },
        {
          "props": {
            "x": 179.6,
            "y": 137,
          },
          "type": "moveTo",
        },
        {
          "props": {
            "anticlockwise": false,
            "endAngle": 6.283185307179586,
            "radius": 1.6,
            "startAngle": 0,
            "x": 178,
            "y": 137,
          },
          "type": "arc",
        },
        {
          "props": {
            "x": 333.6,
            "y": 228,
          },
          "type": "moveTo",
        },
        {
          "props": {
            "anticlockwise": false,
            "endAngle": 6.283185307179586,
            "radius": 1.6,
            "startAngle": 0,
            "x": 332,
            "y": 228,
          },
          "type": "arc",
        },
        {
          "props": {
            "x": 487.6,
            "y": 45,
          },
          "type": "moveTo",
        },
        {
          "props": {
            "anticlockwise": false,
            "endAngle": 6.283185307179586,
            "radius": 1.6,
            "startAngle": 0,
            "x": 486,
            "y": 45,
          },
          "type": "arc",
        },
        {
          "props": {
            "x": 641.6,
            "y": 173,
          },
          "type": "moveTo",
        },
        {
          "props": {
            "anticlockwise": false,
            "endAngle": 6.283185307179586,
            "radius": 1.6,
            "startAngle": 0,
            "x": 640,
            "y": 173,
          },
          "type": "arc",
        },
      ],
    },
    "type": "stroke",
  },
  {
    "props": {},
    "type": "restore",
  },
  {
    "props": {
      "x": -0.9,
      "y": -0.9,
    },
    "type": "translate",
  },
  {
    "props": {},
    "type": "save",
  },
  {
    "props": {},
    "type": "beginPath",
  },
  {
    "props": {
      "height": 349,
      "width": 616,
      "x": 24,
      "y": 8,
    },
    "type": "rect",
  },
  {
    "props": {
      "fillRule": "nonzero",
      "path": [
        {
          "props": {},
          "type": "beginPath",
        },
        {
          "props": {
            "height": 349,
            "width": 616,
            "x": 24,
            "y": 8,
          },
          "type": "rect",
        },
      ],
    },
    "type": "clip",
  },
  {
    "props": {},
    "type": "restore",
  },
]
`;

exports[`TimeSeriesPanel (canvas) — line rendering lineWidth: 6 1`] = `
[
  {
    "props": {
      "x0": 0,
      "x1": 0,
      "y0": 8,
      "y1": 357,
    },
    "type": "createLinearGradient",
  },
  {
    "props": {
      "value": "#5794f2",
    },
    "type": "strokeStyle",
  },
  {
    "props": {
      "value": {
        "addColorStop": [
          [
            0,
            "#5794F273",
          ],
          [
            1,
            "#5794F200",
          ],
        ],
      },
    },
    "type": "fillStyle",
  },
  {
    "props": {
      "value": 6,
    },
    "type": "lineWidth",
  },
  {
    "props": {},
    "type": "save",
  },
  {
    "props": {
      "fillRule": "nonzero",
      "path": [
        {
          "props": {
            "height": 355,
            "width": 622,
            "x": 21,
            "y": 5,
          },
          "type": "rect",
        },
      ],
    },
    "type": "clip",
  },
  {
    "props": {
      "fillRule": "nonzero",
      "path": [
        {
          "props": {
            "x": 24,
            "y": 320,
          },
          "type": "lineTo",
        },
        {
          "props": {
            "x": 178,
            "y": 137,
          },
          "type": "lineTo",
        },
        {
          "props": {
            "x": 332,
            "y": 228,
          },
          "type": "lineTo",
        },
        {
          "props": {
            "x": 486,
            "y": 45,
          },
          "type": "lineTo",
        },
        {
          "props": {
            "x": 640,
            "y": 173,
          },
          "type": "lineTo",
        },
        {
          "props": {
            "x": 640,
            "y": 504,
          },
          "type": "lineTo",
        },
        {
          "props": {
            "x": 24,
            "y": 504,
          },
          "type": "lineTo",
        },
      ],
    },
    "type": "fill",
  },
  {
    "props": {
      "path": [
        {
          "props": {
            "x": 24,
            "y": 320,
          },
          "type": "lineTo",
        },
        {
          "props": {
            "x": 178,
            "y": 137,
          },
          "type": "lineTo",
        },
        {
          "props": {
            "x": 332,
            "y": 228,
          },
          "type": "lineTo",
        },
        {
          "props": {
            "x": 486,
            "y": 45,
          },
          "type": "lineTo",
        },
        {
          "props": {
            "x": 640,
            "y": 173,
          },
          "type": "lineTo",
        },
      ],
    },
    "type": "stroke",
  },
  {
    "props": {},
    "type": "restore",
  },
  {
    "props": {
      "x": 0.5,
      "y": 0.5,
    },
    "type": "translate",
  },
  {
    "props": {
      "value": "#5794f2",
    },
    "type": "fillStyle",
  },
  {
    "props": {
      "value": 3,
    },
    "type": "lineWidth",
  },
  {
    "props": {},
    "type": "save",
  },
  {
    "props": {
      "fillRule": "nonzero",
      "path": [],
    },
    "type": "clip",
  },
  {
    "props": {
      "fillRule": "nonzero",
      "path": [],
    },
    "type": "fill",
  },
  {
    "props": {
      "path": [],
    },
    "type": "stroke",
  },
  {
    "props": {},
    "type": "restore",
  },
  {
    "props": {
      "x": -0.5,
      "y": -0.5,
    },
    "type": "translate",
  },
  {
    "props": {},
    "type": "save",
  },
  {
    "props": {},
    "type": "beginPath",
  },
  {
    "props": {
      "height": 349,
      "width": 616,
      "x": 24,
      "y": 8,
    },
    "type": "rect",
  },
  {
    "props": {
      "fillRule": "nonzero",
      "path": [
        {
          "props": {},
          "type": "beginPath",
        },
        {
          "props": {
            "height": 349,
            "width": 616,
            "x": 24,
            "y": 8,
          },
          "type": "rect",
        },
      ],
    },
    "type": "clip",
  },
  {
    "props": {},
    "type": "restore",
  },
]
`;

exports[`TimeSeriesPanel (canvas) — line rendering lineWidth: 10 1`] = `
[
  {
    "props": {
      "x0": 0,
      "x1": 0,
      "y0": 8,
      "y1": 357,
    },
    "type": "createLinearGradient",
  },
  {
    "props": {
      "value": "#5794f2",
    },
    "type": "strokeStyle",
  },
  {
    "props": {
      "value": {
        "addColorStop": [
          [
            0,
            "#5794F273",
          ],
          [
            1,
            "#5794F200",
          ],
        ],
      },
    },
    "type": "fillStyle",
  },
  {
    "props": {
      "value": 10,
    },
    "type": "lineWidth",
  },
  {
    "props": {},
    "type": "save",
  },
  {
    "props": {
      "fillRule": "nonzero",
      "path": [
        {
          "props": {
            "height": 359,
            "width": 626,
            "x": 19,
            "y": 3,
          },
          "type": "rect",
        },
      ],
    },
    "type": "clip",
  },
  {
    "props": {
      "fillRule": "nonzero",
      "path": [
        {
          "props": {
            "x": 24,
            "y": 320,
          },
          "type": "lineTo",
        },
        {
          "props": {
            "x": 178,
            "y": 137,
          },
          "type": "lineTo",
        },
        {
          "props": {
            "x": 332,
            "y": 228,
          },
          "type": "lineTo",
        },
        {
          "props": {
            "x": 486,
            "y": 45,
          },
          "type": "lineTo",
        },
        {
          "props": {
            "x": 640,
            "y": 173,
          },
          "type": "lineTo",
        },
        {
          "props": {
            "x": 640,
            "y": 504,
          },
          "type": "lineTo",
        },
        {
          "props": {
            "x": 24,
            "y": 504,
          },
          "type": "lineTo",
        },
      ],
    },
    "type": "fill",
  },
  {
    "props": {
      "path": [
        {
          "props": {
            "x": 24,
            "y": 320,
          },
          "type": "lineTo",
        },
        {
          "props": {
            "x": 178,
            "y": 137,
          },
          "type": "lineTo",
        },
        {
          "props": {
            "x": 332,
            "y": 228,
          },
          "type": "lineTo",
        },
        {
          "props": {
            "x": 486,
            "y": 45,
          },
          "type": "lineTo",
        },
        {
          "props": {
            "x": 640,
            "y": 173,
          },
          "type": "lineTo",
        },
      ],
    },
    "type": "stroke",
  },
  {
    "props": {},
    "type": "restore",
  },
  {
    "props": {
      "x": 0.2999999999999998,
      "y": 0.2999999999999998,
    },
    "type": "translate",
  },
  {
    "props": {
      "value": "#5794f2",
    },
    "type": "fillStyle",
  },
  {
    "props": {
      "value": 4.6,
    },
    "type": "lineWidth",
  },
  {
    "props": {},
    "type": "save",
  },
  {
    "props": {
      "fillRule": "nonzero",
      "path": [],
    },
    "type": "clip",
  },
  {
    "props": {
      "fillRule": "nonzero",
      "path": [],
    },
    "type": "fill",
  },
  {
    "props": {
      "path": [],
    },
    "type": "stroke",
  },
  {
    "props": {},
    "type": "restore",
  },
  {
    "props": {
      "x": -0.2999999999999998,
      "y": -0.2999999999999998,
    },
    "type": "translate",
  },
  {
    "props": {},
    "type": "save",
  },
  {
    "props": {},
    "type": "beginPath",
  },
  {
    "props": {
      "height": 349,
      "width": 616,
      "x": 24,
      "y": 8,
    },
    "type": "rect",
  },
  {
    "props": {
      "fillRule": "nonzero",
      "path": [
        {
          "props": {},
          "type": "beginPath",
        },
        {
          "props": {
            "height": 349,
            "width": 616,
            "x": 24,
            "y": 8,
          },
          "type": "rect",
        },
      ],
    },
    "type": "clip",
  },
  {
    "props": {},
    "type": "restore",
  },
]
`;

exports[`TimeSeriesPanel (canvas) — line rendering orientation: vertical 1`] = `
[
  {
    "props": {
      "x0": 640,
      "x1": 89,
      "y0": 0,
      "y1": 0,
    },
    "type": "createLinearGradient",
  },
  {
    "props": {
      "x": 0.5,
      "y": 0.5,
    },
    "type": "translate",
  },
  {
    "props": {
      "value": "#808080",
    },
    "type": "strokeStyle",
  },
  {
    "props": {
      "value": {
        "addColorStop": [
          [
            0,
            "#80808073",
          ],
          [
            1,
            "#80808000",
          ],
        ],
      },
    },
    "type": "fillStyle",
  },
  {
    "props": {
      "value": 3,
    },
    "type": "lineWidth",
  },
  {
    "props": {},
    "type": "save",
  },
  {
    "props": {
      "fillRule": "nonzero",
      "path": [
        {
          "props": {
            "height": 352,
            "width": 554,
            "x": 87.5,
            "y": 6.5,
          },
          "type": "rect",
        },
      ],
    },
    "type": "clip",
  },
  {
    "props": {
      "fillRule": "nonzero",
      "path": [
        {
          "props": {
            "x": 379,
            "y": 8,
          },
          "type": "lineTo",
        },
        {
          "props": {
            "x": 582,
            "y": 95,
          },
          "type": "lineTo",
        },
        {
          "props": {
            "x": 292,
            "y": 183,
          },
          "type": "lineTo",
        },
        {
          "props": {
            "x": 437,
            "y": 270,
          },
          "type": "lineTo",
        },
        {
          "props": {
            "x": 147,
            "y": 357,
          },
          "type": "lineTo",
        },
        {
          "props": {
            "x": -143,
            "y": 357,
          },
          "type": "lineTo",
        },
        {
          "props": {
            "x": -143,
            "y": 8,
          },
          "type": "lineTo",
        },
      ],
    },
    "type": "fill",
  },
  {
    "props": {
      "path": [
        {
          "props": {
            "x": 379,
            "y": 8,
          },
          "type": "lineTo",
        },
        {
          "props": {
            "x": 582,
            "y": 95,
          },
          "type": "lineTo",
        },
        {
          "props": {
            "x": 292,
            "y": 183,
          },
          "type": "lineTo",
        },
        {
          "props": {
            "x": 437,
            "y": 270,
          },
          "type": "lineTo",
        },
        {
          "props": {
            "x": 147,
            "y": 357,
          },
          "type": "lineTo",
        },
      ],
    },
    "type": "stroke",
  },
  {
    "props": {},
    "type": "restore",
  },
  {
    "props": {
      "x": -0.5,
      "y": -0.5,
    },
    "type": "translate",
  },
  {
    "props": {
      "x": 0.9,
      "y": 0.9,
    },
    "type": "translate",
  },
  {
    "props": {
      "value": "#808080",
    },
    "type": "fillStyle",
  },
  {
    "props": {
      "value": 1.8,
    },
    "type": "lineWidth",
  },
  {
    "props": {},
    "type": "save",
  },
  {
    "props": {
      "fillRule": "nonzero",
      "path": [
        {
          "props": {
            "height": 355.4,
            "width": 557.4,
            "x": 85.8,
            "y": 4.8,
          },
          "type": "rect",
        },
      ],
    },
    "type": "clip",
  },
  {
    "props": {
      "fillRule": "nonzero",
      "path": [
        {
          "props": {
            "x": 147,
            "y": 358.6,
          },
          "type": "moveTo",
        },
        {
          "props": {
            "anticlockwise": false,
            "endAngle": 6.283185307179586,
            "radius": 1.6,
            "startAngle": 0,
            "x": 147,
            "y": 357,
          },
          "type": "arc",
        },
        {
          "props": {
            "x": 437,
            "y": 271.6,
          },
          "type": "moveTo",
        },
        {
          "props": {
            "anticlockwise": false,
            "endAngle": 6.283185307179586,
            "radius": 1.6,
            "startAngle": 0,
            "x": 437,
            "y": 270,
          },
          "type": "arc",
        },
        {
          "props": {
            "x": 292,
            "y": 184.6,
          },
          "type": "moveTo",
        },
        {
          "props": {
            "anticlockwise": false,
            "endAngle": 6.283185307179586,
            "radius": 1.6,
            "startAngle": 0,
            "x": 292,
            "y": 183,
          },
          "type": "arc",
        },
        {
          "props": {
            "x": 582,
            "y": 96.6,
          },
          "type": "moveTo",
        },
        {
          "props": {
            "anticlockwise": false,
            "endAngle": 6.283185307179586,
            "radius": 1.6,
            "startAngle": 0,
            "x": 582,
            "y": 95,
          },
          "type": "arc",
        },
        {
          "props": {
            "x": 379,
            "y": 9.6,
          },
          "type": "moveTo",
        },
        {
          "props": {
            "anticlockwise": false,
            "endAngle": 6.283185307179586,
            "radius": 1.6,
            "startAngle": 0,
            "x": 379,
            "y": 8,
          },
          "type": "arc",
        },
      ],
    },
    "type": "fill",
  },
  {
    "props": {
      "path": [
        {
          "props": {
            "x": 147,
            "y": 358.6,
          },
          "type": "moveTo",
        },
        {
          "props": {
            "anticlockwise": false,
            "endAngle": 6.283185307179586,
            "radius": 1.6,
            "startAngle": 0,
            "x": 147,
            "y": 357,
          },
          "type": "arc",
        },
        {
          "props": {
            "x": 437,
            "y": 271.6,
          },
          "type": "moveTo",
        },
        {
          "props": {
            "anticlockwise": false,
            "endAngle": 6.283185307179586,
            "radius": 1.6,
            "startAngle": 0,
            "x": 437,
            "y": 270,
          },
          "type": "arc",
        },
        {
          "props": {
            "x": 292,
            "y": 184.6,
          },
          "type": "moveTo",
        },
        {
          "props": {
            "anticlockwise": false,
            "endAngle": 6.283185307179586,
            "radius": 1.6,
            "startAngle": 0,
            "x": 292,
            "y": 183,
          },
          "type": "arc",
        },
        {
          "props": {
            "x": 582,
            "y": 96.6,
          },
          "type": "moveTo",
        },
        {
          "props": {
            "anticlockwise": false,
            "endAngle": 6.283185307179586,
            "radius": 1.6,
            "startAngle": 0,
            "x": 582,
            "y": 95,
          },
          "type": "arc",
        },
        {
          "props": {
            "x": 379,
            "y": 9.6,
          },
          "type": "moveTo",
        },
        {
          "props": {
            "anticlockwise": false,
            "endAngle": 6.283185307179586,
            "radius": 1.6,
            "startAngle": 0,
            "x": 379,
            "y": 8,
          },
          "type": "arc",
        },
      ],
    },
    "type": "stroke",
  },
  {
    "props": {},
    "type": "restore",
  },
  {
    "props": {
      "x": -0.9,
      "y": -0.9,
    },
    "type": "translate",
  },
]
`;
